---
source: zellij-server/src/./unit/screen_tests.rs
expression: "format!(\"{:?}\", * received_pty_instructions.lock().unwrap())"
---
[SpawnTerminalVertically(RunCommand(RunCommand { command: None, args: [], cwd: Some("."), env: {}, hold_on_close: true, hold_on_start: false }), None, 10), UpdateActivePane(Some(Terminal(0)), 1), UpdateActivePane(Some(Terminal(0)), 1), Exit]
