---
source: zellij-server/src/./unit/screen_tests.rs
assertion_line: 1835
expression: "format!(\"{}\", snapshot)"
---
00 (C): ┌ my_new_pane_title ───────────────────┐
01 (C): │                                      │                                        
02 (C): │                                      │                                        
03 (C): │                                      │                                        
04 (C): │                                      │                                        
05 (C): │                                      │                                        
06 (C): │                                      │                                        
07 (C): │                                      │                                        
08 (C): │                                      │                                        
09 (C): └──────────────────────────────────────┘                                        

