---
source: zellij-server/src/./unit/screen_tests.rs
expression: "format!(\"{:#?}\", log_tab_names_instruction)"
---
Some(
    Log(
        [
            "Tab #1",
            "Tab #2",
        ],
        10,
        Some(
            NotificationEnd {
                channel: None,
                exit_status: None,
                unblock_condition: None,
                affected_pane_id: None,
            },
        ),
    ),
)
