---
source: zellij-server/src/./unit/screen_tests.rs
assertion_line: 1825
expression: "format!(\"{:?}\", * received_pty_instructions.lock().unwrap())"
---
[StartCachingResizes, ApplyCachedResizes, StartCachingResizes, ResizePty(0, 59, 18, None, None), ResizePty(1, 58, 18, None, None), ResizePty(0, 59, 18, None, None), ResizePty(1, 58, 18, None, None), ResizePty(0, 59, 18, None, None), ResizePty(1, 58, 18, None, None), ApplyCachedResizes, StartCachingResizes, ApplyCachedResizes, StartCachingResizes, ApplyCachedResizes, StartCachingResizes, Write([102, 111, 111], 0), Write([102, 111, 111], 1), ApplyCachedResizes, Exit]
