---
source: zellij-server/src/./unit/screen_tests.rs
expression: "format!(\"{:#?}\", pty_fill_plugin_cwd_instruction)"
---
Some(
    FillPluginCwd(
        Some(
            true,
        ),
        false,
        None,
        RunPlugin(
            RunPlugin {
                _allow_exec_host_cmd: false,
                location: File(
                    "/path/to/fake/plugin",
                ),
                configuration: PluginUserConfiguration(
                    {},
                ),
                initial_cwd: None,
            },
        ),
        0,
        None,
        1,
        Size {
            rows: 0,
            cols: 0,
        },
        false,
        None,
        None,
        None,
        Some(
            NotificationEnd {
                channel: None,
                exit_status: None,
                unblock_condition: None,
                affected_pane_id: None,
            },
        ),
    ),
)
