---
source: src/tests/e2e/cases.rs
assertion_line: 1720
expression: last_snapshot
---
 Zellij (e2e-test)  Tab #1  Tab #2  Tab #3  Tab #4  Tab #5  Tab #6  Tab #7  Tab #8  Tab #9            
┌ Pane #1 ─────────────────────────────────────────────────┐┌ Pane #2 ─────────────────────────────────────────────────┐
│$                                                         ││$ █                                                       │
│                                                          ││                                                          │
│                                                          ││                                                          │
│                                                          ││                                                          │
│                                                          ││                                                          │
│                                                          ││                                                          │
│                                                          ││                                                          │
│                                                          ││                                                          │
│                                                          ││                                                          │
│                                                          ││                                                          │
│                                                          ││                                                          │
│                                                          ││                                                          │
│                                                          ││                                                          │
│                                                          ││                                                          │
│                                                          ││                                                          │
│                                                          ││                                                          │
│                                                          ││                                                          │
│                                                          ││                                                          │
│                                                          ││                                                          │
└──────────────────────────────────────────────────────────┘└──────────────────────────────────────────────────────────┘
 Ctrl + <g> LOCK  <p> PANE  <t> TAB  <n> RESIZE  <h> MOVE  <s> SEARCH  <o> SESSION  <q> QUIT           
 Tip: Alt + <n> => new pane. Alt + <←↓↑→> or Alt + <hjkl> => navigate. Alt + <+|=|-> => resize pane.                    
