---
source: src/tests/e2e/cases.rs
expression: last_snapshot
---
 Zellij (e2e-test)  Tab #1 
┌ Pane #1 ───────────────────────────────────────────────────────────────────────────────────────────────────────────────────────────────────────────┐
│$ /usr/src/zellij/x86_64-unknown-linux-musl/release/zellij run --blocking --floating --close-on-exit -- bash -c 'sleep 2 && exit 42'                │
│$                                                                                                                                                   │
│$ echo $?                                                                                                                                           │
│42                                                                                                                                                  │
│$                                                                                                                                                   │
│$ █                                                                                                                                                 │
│                                                                                                                                                    │
│                                                                                                                                                    │
│                                                                                                                                                    │
│                                                                                                                                                    │
│                                                                                                                                                    │
│                                                                                                                                                    │
│                                                                                                                                                    │
│                                                                                                                                                    │
│                                                                                                                                                    │
│                                                                                                                                                    │
│                                                                                                                                                    │
│                                                                                                                                                    │
│                                                                                                                                                    │
│                                                                                                                                                    │
└────────────────────────────────────────────────────────────────────────────────────────────────────────────────────────────────────────────────────┘
 Ctrl + <g> LOCK  <p> PANE  <t> TAB  <n> RESIZE  <h> MOVE  <s> SEARCH  <o> SESSION  <q> QUIT  Alt +  <n> New Pane  <f> Floating 
