---
source: zellij-integration-tests/tests/nested_sessions.rs
assertion_line: 317
expression: normalized(&host_descended)
---
 Zellij (test)  Tab #1  + 
                           test-1                          │                           Pane #2
 Zellij (test)  Tab #1  +                            │$
█                                                          │
                                                           │
                                                           │
                                                           │
                                                           │
                                                           │
                                                           │
                                                           │
                                                           │
                                                           │
                                                           │
                                                           │
                                                           │
                                                           │
                                                           │
                                                           │
                                                           │
                                                           │
                                                           │
 Ctrl + g  p  t  n  h  s  o  q         ...│
 Descended into a nested Zellij session. To ascend: Ctrl + <o>, <↑>                                                     
