---
source: zellij-integration-tests/tests/resurrection.rs
expression: normalized(&grid_snapshot)
---
 Zellij (test)  alpha  beta  + 
                           Pane #1                         │                           Pane #2
                                                           │█
                                                           │
                                                           │
                                                           │
                                                           │
                                                           │
                                                           │
                                                           │
                                                           │
                                                           │
                                                           │
                                                           │
                                                           │
                                                           │
                                                           │
                                                           │
                                                           │
                                                           │
                                                           │
                                                           │
                                                           │
 Ctrl + <g> LOCK  <p> PANE  <t> TAB  <n> RESIZE  <h> MOVE  <s> SEARCH  <o> SESSION  <q> QUIT        ...
