---
source: zellij-utils/src/input/./unit/layout_test.rs
assertion_line: 979
expression: "format!(\"{:?}\", layout_error)"
---
KdlError(KdlError { error_message: "Only one tab can be focused", src: Some(NamedSource { name: "layout_file_name", source: "<redacted>"), offset: Some(0), len: Some(98) })
