---
source: zellij-utils/src/input/./unit/layout_test.rs
assertion_line: 1938
expression: "format!(\"{:#?}\", layout)"
---
Layout {
    tabs: [],
    focused_tab_index: None,
    template: Some(
        (
            TiledPaneLayout {
                children_split_direction: Horizontal,
                name: None,
                children: [
                    TiledPaneLayout {
                        children_split_direction: Horizontal,
                        name: None,
                        children: [],
                        split_size: None,
                        run: None,
                        borderless: false,
                        focus: None,
                        external_children_index: None,
                        children_are_stacked: false,
                        is_expanded_in_stack: false,
                        exclude_from_sync: None,
                        run_instructions_to_ignore: [],
                        hide_floating_panes: false,
                        pane_initial_contents: None,
                    },
                ],
                split_size: None,
                run: None,
                borderless: false,
                focus: None,
                external_children_index: None,
                children_are_stacked: false,
                is_expanded_in_stack: false,
                exclude_from_sync: None,
                run_instructions_to_ignore: [],
                hide_floating_panes: false,
                pane_initial_contents: None,
            },
            [],
        ),
    ),
    swap_layouts: [],
    swap_tiled_layouts: [
        (
            {
                MaxPanes(
                    5,
                ): TiledPaneLayout {
                    children_split_direction: Horizontal,
                    name: None,
                    children: [
                        TiledPaneLayout {
                            children_split_direction: Horizontal,
                            name: None,
                            children: [],
                            split_size: Some(
                                Fixed(
                                    1,
                                ),
                            ),
                            run: Some(
                                Plugin(
                                    RunPlugin(
                                        RunPlugin {
                                            _allow_exec_host_cmd: false,
                                            location: Zellij(
                                                PluginTag(
                                                    "tab-bar",
                                                ),
                                            ),
                                            configuration: PluginUserConfiguration(
                                                {},
                                            ),
                                            initial_cwd: None,
                                        },
                                    ),
                                ),
                            ),
                            borderless: true,
                            focus: None,
                            external_children_index: None,
                            children_are_stacked: false,
                            is_expanded_in_stack: false,
                            exclude_from_sync: None,
                            run_instructions_to_ignore: [],
                            hide_floating_panes: false,
                            pane_initial_contents: None,
                        },
                        TiledPaneLayout {
                            children_split_direction: Horizontal,
                            name: None,
                            children: [
                                TiledPaneLayout {
                                    children_split_direction: Vertical,
                                    name: None,
                                    children: [
                                        TiledPaneLayout {
                                            children_split_direction: Horizontal,
                                            name: None,
                                            children: [],
                                            split_size: None,
                                            run: None,
                                            borderless: false,
                                            focus: None,
                                            external_children_index: None,
                                            children_are_stacked: false,
                                            is_expanded_in_stack: false,
                                            exclude_from_sync: None,
                                            run_instructions_to_ignore: [],
                                            hide_floating_panes: false,
                                            pane_initial_contents: None,
                                        },
                                        TiledPaneLayout {
                                            children_split_direction: Horizontal,
                                            name: None,
                                            children: [],
                                            split_size: None,
                                            run: None,
                                            borderless: false,
                                            focus: None,
                                            external_children_index: Some(
                                                0,
                                            ),
                                            children_are_stacked: false,
                                            is_expanded_in_stack: false,
                                            exclude_from_sync: None,
                                            run_instructions_to_ignore: [],
                                            hide_floating_panes: false,
                                            pane_initial_contents: None,
                                        },
                                    ],
                                    split_size: None,
                                    run: None,
                                    borderless: false,
                                    focus: None,
                                    external_children_index: None,
                                    children_are_stacked: false,
                                    is_expanded_in_stack: false,
                                    exclude_from_sync: None,
                                    run_instructions_to_ignore: [],
                                    hide_floating_panes: false,
                                    pane_initial_contents: None,
                                },
                            ],
                            split_size: None,
                            run: None,
                            borderless: false,
                            focus: None,
                            external_children_index: None,
                            children_are_stacked: false,
                            is_expanded_in_stack: false,
                            exclude_from_sync: None,
                            run_instructions_to_ignore: [],
                            hide_floating_panes: false,
                            pane_initial_contents: None,
                        },
                        TiledPaneLayout {
                            children_split_direction: Horizontal,
                            name: None,
                            children: [],
                            split_size: Some(
                                Fixed(
                                    2,
                                ),
                            ),
                            run: Some(
                                Plugin(
                                    RunPlugin(
                                        RunPlugin {
                                            _allow_exec_host_cmd: false,
                                            location: Zellij(
                                                PluginTag(
                                                    "status-bar",
                                                ),
                                            ),
                                            configuration: PluginUserConfiguration(
                                                {},
                                            ),
                                            initial_cwd: None,
                                        },
                                    ),
                                ),
                            ),
                            borderless: true,
                            focus: None,
                            external_children_index: None,
                            children_are_stacked: false,
                            is_expanded_in_stack: false,
                            exclude_from_sync: None,
                            run_instructions_to_ignore: [],
                            hide_floating_panes: false,
                            pane_initial_contents: None,
                        },
                    ],
                    split_size: None,
                    run: None,
                    borderless: false,
                    focus: None,
                    external_children_index: None,
                    children_are_stacked: false,
                    is_expanded_in_stack: false,
                    exclude_from_sync: None,
                    run_instructions_to_ignore: [],
                    hide_floating_panes: false,
                    pane_initial_contents: None,
                },
                MaxPanes(
                    8,
                ): TiledPaneLayout {
                    children_split_direction: Horizontal,
                    name: None,
                    children: [
                        TiledPaneLayout {
                            children_split_direction: Horizontal,
                            name: None,
                            children: [],
                            split_size: Some(
                                Fixed(
                                    1,
                                ),
                            ),
                            run: Some(
                                Plugin(
                                    RunPlugin(
                                        RunPlugin {
                                            _allow_exec_host_cmd: false,
                                            location: Zellij(
                                                PluginTag(
                                                    "tab-bar",
                                                ),
                                            ),
                                            configuration: PluginUserConfiguration(
                                                {},
                                            ),
                                            initial_cwd: None,
                                        },
                                    ),
                                ),
                            ),
                            borderless: true,
                            focus: None,
                            external_children_index: None,
                            children_are_stacked: false,
                            is_expanded_in_stack: false,
                            exclude_from_sync: None,
                            run_instructions_to_ignore: [],
                            hide_floating_panes: false,
                            pane_initial_contents: None,
                        },
                        TiledPaneLayout {
                            children_split_direction: Horizontal,
                            name: None,
                            children: [
                                TiledPaneLayout {
                                    children_split_direction: Vertical,
                                    name: None,
                                    children: [
                                        TiledPaneLayout {
                                            children_split_direction: Horizontal,
                                            name: None,
                                            children: [],
                                            split_size: None,
                                            run: None,
                                            borderless: false,
                                            focus: None,
                                            external_children_index: Some(
                                                0,
                                            ),
                                            children_are_stacked: false,
                                            is_expanded_in_stack: false,
                                            exclude_from_sync: None,
                                            run_instructions_to_ignore: [],
                                            hide_floating_panes: false,
                                            pane_initial_contents: None,
                                        },
                                        TiledPaneLayout {
                                            children_split_direction: Horizontal,
                                            name: None,
                                            children: [
                                                TiledPaneLayout {
                                                    children_split_direction: Horizontal,
                                                    name: None,
                                                    children: [],
                                                    split_size: None,
                                                    run: None,
                                                    borderless: false,
                                                    focus: None,
                                                    external_children_index: None,
                                                    children_are_stacked: false,
                                                    is_expanded_in_stack: false,
                                                    exclude_from_sync: None,
                                                    run_instructions_to_ignore: [],
                                                    hide_floating_panes: false,
                                                    pane_initial_contents: None,
                                                },
                                                TiledPaneLayout {
                                                    children_split_direction: Horizontal,
                                                    name: None,
                                                    children: [],
                                                    split_size: None,
                                                    run: None,
                                                    borderless: false,
                                                    focus: None,
                                                    external_children_index: None,
                                                    children_are_stacked: false,
                                                    is_expanded_in_stack: false,
                                                    exclude_from_sync: None,
                                                    run_instructions_to_ignore: [],
                                                    hide_floating_panes: false,
                                                    pane_initial_contents: None,
                                                },
                                                TiledPaneLayout {
                                                    children_split_direction: Horizontal,
                                                    name: None,
                                                    children: [],
                                                    split_size: None,
                                                    run: None,
                                                    borderless: false,
                                                    focus: None,
                                                    external_children_index: None,
                                                    children_are_stacked: false,
                                                    is_expanded_in_stack: false,
                                                    exclude_from_sync: None,
                                                    run_instructions_to_ignore: [],
                                                    hide_floating_panes: false,
                                                    pane_initial_contents: None,
                                                },
                                                TiledPaneLayout {
                                                    children_split_direction: Horizontal,
                                                    name: None,
                                                    children: [],
                                                    split_size: None,
                                                    run: None,
                                                    borderless: false,
                                                    focus: None,
                                                    external_children_index: None,
                                                    children_are_stacked: false,
                                                    is_expanded_in_stack: false,
                                                    exclude_from_sync: None,
                                                    run_instructions_to_ignore: [],
                                                    hide_floating_panes: false,
                                                    pane_initial_contents: None,
                                                },
                                            ],
                                            split_size: None,
                                            run: None,
                                            borderless: false,
                                            focus: None,
                                            external_children_index: None,
                                            children_are_stacked: false,
                                            is_expanded_in_stack: false,
                                            exclude_from_sync: None,
                                            run_instructions_to_ignore: [],
                                            hide_floating_panes: false,
                                            pane_initial_contents: None,
                                        },
                                    ],
                                    split_size: None,
                                    run: None,
                                    borderless: false,
                                    focus: None,
                                    external_children_index: None,
                                    children_are_stacked: false,
                                    is_expanded_in_stack: false,
                                    exclude_from_sync: None,
                                    run_instructions_to_ignore: [],
                                    hide_floating_panes: false,
                                    pane_initial_contents: None,
                                },
                            ],
                            split_size: None,
                            run: None,
                            borderless: false,
                            focus: None,
                            external_children_index: None,
                            children_are_stacked: false,
                            is_expanded_in_stack: false,
                            exclude_from_sync: None,
                            run_instructions_to_ignore: [],
                            hide_floating_panes: false,
                            pane_initial_contents: None,
                        },
                        TiledPaneLayout {
                            children_split_direction: Horizontal,
                            name: None,
                            children: [],
                            split_size: Some(
                                Fixed(
                                    2,
                                ),
                            ),
                            run: Some(
                                Plugin(
                                    RunPlugin(
                                        RunPlugin {
                                            _allow_exec_host_cmd: false,
                                            location: Zellij(
                                                PluginTag(
                                                    "status-bar",
                                                ),
                                            ),
                                            configuration: PluginUserConfiguration(
                                                {},
                                            ),
                                            initial_cwd: None,
                                        },
                                    ),
                                ),
                            ),
                            borderless: true,
                            focus: None,
                            external_children_index: None,
                            children_are_stacked: false,
                            is_expanded_in_stack: false,
                            exclude_from_sync: None,
                            run_instructions_to_ignore: [],
                            hide_floating_panes: false,
                            pane_initial_contents: None,
                        },
                    ],
                    split_size: None,
                    run: None,
                    borderless: false,
                    focus: None,
                    external_children_index: None,
                    children_are_stacked: false,
                    is_expanded_in_stack: false,
                    exclude_from_sync: None,
                    run_instructions_to_ignore: [],
                    hide_floating_panes: false,
                    pane_initial_contents: None,
                },
                MaxPanes(
                    12,
                ): TiledPaneLayout {
                    children_split_direction: Horizontal,
                    name: None,
                    children: [
                        TiledPaneLayout {
                            children_split_direction: Horizontal,
                            name: None,
                            children: [],
                            split_size: Some(
                                Fixed(
                                    1,
                                ),
                            ),
                            run: Some(
                                Plugin(
                                    RunPlugin(
                                        RunPlugin {
                                            _allow_exec_host_cmd: false,
                                            location: Zellij(
                                                PluginTag(
                                                    "tab-bar",
                                                ),
                                            ),
                                            configuration: PluginUserConfiguration(
                                                {},
                                            ),
                                            initial_cwd: None,
                                        },
                                    ),
                                ),
                            ),
                            borderless: true,
                            focus: None,
                            external_children_index: None,
                            children_are_stacked: false,
                            is_expanded_in_stack: false,
                            exclude_from_sync: None,
                            run_instructions_to_ignore: [],
                            hide_floating_panes: false,
                            pane_initial_contents: None,
                        },
                        TiledPaneLayout {
                            children_split_direction: Horizontal,
                            name: None,
                            children: [
                                TiledPaneLayout {
                                    children_split_direction: Vertical,
                                    name: None,
                                    children: [
                                        TiledPaneLayout {
                                            children_split_direction: Horizontal,
                                            name: None,
                                            children: [],
                                            split_size: None,
                                            run: None,
                                            borderless: false,
                                            focus: None,
                                            external_children_index: Some(
                                                0,
                                            ),
                                            children_are_stacked: false,
                                            is_expanded_in_stack: false,
                                            exclude_from_sync: None,
                                            run_instructions_to_ignore: [],
                                            hide_floating_panes: false,
                                            pane_initial_contents: None,
                                        },
                                        TiledPaneLayout {
                                            children_split_direction: Horizontal,
                                            name: None,
                                            children: [
                                                TiledPaneLayout {
                                                    children_split_direction: Horizontal,
                                                    name: None,
                                                    children: [],
                                                    split_size: None,
                                                    run: None,
                                                    borderless: false,
                                                    focus: None,
                                                    external_children_index: None,
                                                    children_are_stacked: false,
                                                    is_expanded_in_stack: false,
                                                    exclude_from_sync: None,
                                                    run_instructions_to_ignore: [],
                                                    hide_floating_panes: false,
                                                    pane_initial_contents: None,
                                                },
                                                TiledPaneLayout {
                                                    children_split_direction: Horizontal,
                                                    name: None,
                                                    children: [],
                                                    split_size: None,
                                                    run: None,
                                                    borderless: false,
                                                    focus: None,
                                                    external_children_index: None,
                                                    children_are_stacked: false,
                                                    is_expanded_in_stack: false,
                                                    exclude_from_sync: None,
                                                    run_instructions_to_ignore: [],
                                                    hide_floating_panes: false,
                                                    pane_initial_contents: None,
                                                },
                                                TiledPaneLayout {
                                                    children_split_direction: Horizontal,
                                                    name: None,
                                                    children: [],
                                                    split_size: None,
                                                    run: None,
                                                    borderless: false,
                                                    focus: None,
                                                    external_children_index: None,
                                                    children_are_stacked: false,
                                                    is_expanded_in_stack: false,
                                                    exclude_from_sync: None,
                                                    run_instructions_to_ignore: [],
                                                    hide_floating_panes: false,
                                                    pane_initial_contents: None,
                                                },
                                                TiledPaneLayout {
                                                    children_split_direction: Horizontal,
                                                    name: None,
                                                    children: [],
                                                    split_size: None,
                                                    run: None,
                                                    borderless: false,
                                                    focus: None,
                                                    external_children_index: None,
                                                    children_are_stacked: false,
                                                    is_expanded_in_stack: false,
                                                    exclude_from_sync: None,
                                                    run_instructions_to_ignore: [],
                                                    hide_floating_panes: false,
                                                    pane_initial_contents: None,
                                                },
                                            ],
                                            split_size: None,
                                            run: None,
                                            borderless: false,
                                            focus: None,
                                            external_children_index: None,
                                            children_are_stacked: false,
                                            is_expanded_in_stack: false,
                                            exclude_from_sync: None,
                                            run_instructions_to_ignore: [],
                                            hide_floating_panes: false,
                                            pane_initial_contents: None,
                                        },
                                        TiledPaneLayout {
                                            children_split_direction: Horizontal,
                                            name: None,
                                            children: [
                                                TiledPaneLayout {
                                                    children_split_direction: Horizontal,
                                                    name: None,
                                                    children: [],
                                                    split_size: None,
                                                    run: None,
                                                    borderless: false,
                                                    focus: None,
                                                    external_children_index: None,
                                                    children_are_stacked: false,
                                                    is_expanded_in_stack: false,
                                                    exclude_from_sync: None,
                                                    run_instructions_to_ignore: [],
                                                    hide_floating_panes: false,
                                                    pane_initial_contents: None,
                                                },
                                                TiledPaneLayout {
                                                    children_split_direction: Horizontal,
                                                    name: None,
                                                    children: [],
                                                    split_size: None,
                                                    run: None,
                                                    borderless: false,
                                                    focus: None,
                                                    external_children_index: None,
                                                    children_are_stacked: false,
                                                    is_expanded_in_stack: false,
                                                    exclude_from_sync: None,
                                                    run_instructions_to_ignore: [],
                                                    hide_floating_panes: false,
                                                    pane_initial_contents: None,
                                                },
                                                TiledPaneLayout {
                                                    children_split_direction: Horizontal,
                                                    name: None,
                                                    children: [],
                                                    split_size: None,
                                                    run: None,
                                                    borderless: false,
                                                    focus: None,
                                                    external_children_index: None,
                                                    children_are_stacked: false,
                                                    is_expanded_in_stack: false,
                                                    exclude_from_sync: None,
                                                    run_instructions_to_ignore: [],
                                                    hide_floating_panes: false,
                                                    pane_initial_contents: None,
                                                },
                                                TiledPaneLayout {
                                                    children_split_direction: Horizontal,
                                                    name: None,
                                                    children: [],
                                                    split_size: None,
                                                    run: None,
                                                    borderless: false,
                                                    focus: None,
                                                    external_children_index: None,
                                                    children_are_stacked: false,
                                                    is_expanded_in_stack: false,
                                                    exclude_from_sync: None,
                                                    run_instructions_to_ignore: [],
                                                    hide_floating_panes: false,
                                                    pane_initial_contents: None,
                                                },
                                            ],
                                            split_size: None,
                                            run: None,
                                            borderless: false,
                                            focus: None,
                                            external_children_index: None,
                                            children_are_stacked: false,
                                            is_expanded_in_stack: false,
                                            exclude_from_sync: None,
                                            run_instructions_to_ignore: [],
                                            hide_floating_panes: false,
                                            pane_initial_contents: None,
                                        },
                                    ],
                                    split_size: None,
                                    run: None,
                                    borderless: false,
                                    focus: None,
                                    external_children_index: None,
                                    children_are_stacked: false,
                                    is_expanded_in_stack: false,
                                    exclude_from_sync: None,
                                    run_instructions_to_ignore: [],
                                    hide_floating_panes: false,
                                    pane_initial_contents: None,
                                },
                            ],
                            split_size: None,
                            run: None,
                            borderless: false,
                            focus: None,
                            external_children_index: None,
                            children_are_stacked: false,
                            is_expanded_in_stack: false,
                            exclude_from_sync: None,
                            run_instructions_to_ignore: [],
                            hide_floating_panes: false,
                            pane_initial_contents: None,
                        },
                        TiledPaneLayout {
                            children_split_direction: Horizontal,
                            name: None,
                            children: [],
                            split_size: Some(
                                Fixed(
                                    2,
                                ),
                            ),
                            run: Some(
                                Plugin(
                                    RunPlugin(
                                        RunPlugin {
                                            _allow_exec_host_cmd: false,
                                            location: Zellij(
                                                PluginTag(
                                                    "status-bar",
                                                ),
                                            ),
                                            configuration: PluginUserConfiguration(
                                                {},
                                            ),
                                            initial_cwd: None,
                                        },
                                    ),
                                ),
                            ),
                            borderless: true,
                            focus: None,
                            external_children_index: None,
                            children_are_stacked: false,
                            is_expanded_in_stack: false,
                            exclude_from_sync: None,
                            run_instructions_to_ignore: [],
                            hide_floating_panes: false,
                            pane_initial_contents: None,
                        },
                    ],
                    split_size: None,
                    run: None,
                    borderless: false,
                    focus: None,
                    external_children_index: None,
                    children_are_stacked: false,
                    is_expanded_in_stack: false,
                    exclude_from_sync: None,
                    run_instructions_to_ignore: [],
                    hide_floating_panes: false,
                    pane_initial_contents: None,
                },
            },
            Some(
                "vertical",
            ),
        ),
    ],
    swap_floating_layouts: [],
}
