---
source: zellij-server/src/panes/./unit/grid_tests.rs
assertion_line: 371
expression: "format!(\"{:?}\", grid)"
---
00 (C): Push <RETURN>
01 (C): Jump scroll down region [1..24] size 24 Line 29
02 (C): Jump scroll down region [1..24] size 24 Line 28
03 (C): Jump scroll down region [1..24] size 24 Line 27
04 (C): Jump scroll down region [1..24] size 24 Line 26
05 (C): Jump scroll down region [1..24] size 24 Line 25
06 (C): Jump scroll down region [1..24] size 24 Line 24
07 (C): Jump scroll down region [1..24] size 24 Line 23
08 (C): Jump scroll down region [1..24] size 24 Line 22
09 (C): Jump scroll down region [1..24] size 24 Line 21
10 (C): Jump scroll down region [1..24] size 24 Line 20
11 (C): Jump scroll down region [1..24] size 24 Line 19
12 (C): Jump scroll down region [1..24] size 24 Line 18
13 (C): Jump scroll down region [1..24] size 24 Line 17                                                               
14 (C): Jump scroll down region [1..24] size 24 Line 16                                                               
15 (C): Jump scroll down region [1..24] size 24 Line 15                                                               
16 (C): Jump scroll down region [1..24] size 24 Line 14                                                               
17 (C): Jump scroll down region [1..24] size 24 Line 13                                                               
18 (C): Jump scroll down region [1..24] size 24 Line 12                                                               
19 (C): Jump scroll down region [1..24] size 24 Line 11                                                               
20 (C): Jump scroll down region [1..24] size 24 Line 10                                                               
21 (C): Jump scroll down region [1..24] size 24 Line 9                                                                
22 (C): Jump scroll down region [1..24] size 24 Line 8                                                                
23 (C): Jump scroll down region [1..24] size 24 Line 7                                                                
24 (C): Jump scroll down region [1..24] size 24 Line 6                                                                
25 (C): Jump scroll down region [1..24] size 24 Line 5                                                                
26 (C): Jump scroll down region [1..24] size 24 Line 4                                                                
27 (C): Jump scroll down region [1..24] size 24 Line 3                                                                
28 (C): Jump scroll down region [1..24] size 24 Line 2                                                                
29 (C): Jump scroll down region [1..24] size 24 Line 1                                                                
30 (C): Jump scroll up region [1..24] size 24 Line 7                                                                  
31 (C): Jump scroll up region [1..24] size 24 Line 8                                                                  
32 (C): Jump scroll up region [1..24] size 24 Line 9                                                                  
33 (C): Jump scroll up region [1..24] size 24 Line 10                                                                 
34 (C): Jump scroll up region [1..24] size 24 Line 11                                                                 
35 (C): Jump scroll up region [1..24] size 24 Line 12                                                                 
36 (C): Jump scroll up region [1..24] size 24 Line 13                                                                 
37 (C): Jump scroll up region [1..24] size 24 Line 14                                                                 
38 (C): Jump scroll up region [1..24] size 24 Line 15                                                                 
39 (C): Jump scroll up region [1..24] size 24 Line 16                                                                 
40 (C): Jump scroll up region [1..24] size 24 Line 17                                                                 

