---
source: zellij-server/src/panes/./unit/grid_tests.rs
expression: "format!(\"{:?}\", grid)"
---
00 (C): Push <RETURN>
01 (C): Soft scroll down region [12..13] size 2 Line 29
02 (C): Soft scroll down region [12..13] size 2 Line 28
03 (C): Soft scroll down region [12..13] size 2 Line 27
04 (C): Soft scroll down region [12..13] size 2 Line 26
05 (C): Soft scroll down region [12..13] size 2 Line 25
06 (C): Soft scroll down region [12..13] size 2 Line 24
07 (C): Soft scroll down region [12..13] size 2 Line 23
08 (C): Soft scroll down region [12..13] size 2 Line 22
09 (C): Soft scroll down region [12..13] size 2 Line 21
10 (C): Soft scroll down region [12..13] size 2 Line 20
11 (C): Soft scroll down region [12..13] size 2 Line 19
12 (C): Soft scroll down region [12..13] size 2 Line 18
13 (C): Soft scroll down region [12..13] size 2 Line 17                                                               
14 (C): Soft scroll down region [12..13] size 2 Line 16                                                               
15 (C): Soft scroll down region [12..13] size 2 Line 15                                                               
16 (C): Soft scroll down region [12..13] size 2 Line 14                                                               
17 (C): Soft scroll down region [12..13] size 2 Line 13                                                               
18 (C): Soft scroll down region [12..13] size 2 Line 12                                                               
19 (C): Soft scroll down region [12..13] size 2 Line 11                                                               
20 (C): Soft scroll down region [12..13] size 2 Line 10                                                               
21 (C): Soft scroll down region [12..13] size 2 Line 9                                                                
22 (C): Soft scroll down region [12..13] size 2 Line 8                                                                
23 (C): Soft scroll down region [12..13] size 2 Line 7                                                                
24 (C): Soft scroll down region [12..13] size 2 Line 6                                                                
25 (C): Soft scroll down region [12..13] size 2 Line 5                                                                
26 (C): Soft scroll down region [12..13] size 2 Line 4                                                                
27 (C): Soft scroll down region [12..13] size 2 Line 3                                                                
28 (C): Soft scroll down region [12..13] size 2 Line 2                                                                
29 (C): Soft scroll down region [12..13] size 2 Line 1                                                                
30 (C): Soft scroll up region [12..13] size 2 Line 7
31 (C): Soft scroll up region [12..13] size 2 Line 8
32 (C): Soft scroll up region [12..13] size 2 Line 9
33 (C): Soft scroll up region [12..13] size 2 Line 10
34 (C): Soft scroll up region [12..13] size 2 Line 11
35 (C): Soft scroll up region [12..13] size 2 Line 12
36 (C): Soft scroll up region [12..13] size 2 Line 13
37 (C): Soft scroll up region [12..13] size 2 Line 14
38 (C): Soft scroll up region [12..13] size 2 Line 15
39 (C): Soft scroll up region [12..13] size 2 Line 16
40 (C): Soft scroll up region [12..13] size 2 Line 17
