---
source: zellij-server/src/panes/./unit/grid_tests.rs
expression: "format!(\"{:?}\", grid)"

---
00 (C):   src/tests/fixtures/fish_and_bandwhich                                                                         
01 (C):   src/tests/fixtures/exa_plus_omf_theme                                                                         
02 (C):   src/tests/fixtures/emacs_longbuf_tutorial                                                                     
03 (C):   src/tests/fixtures/clear_scroll_region                                                                        
04 (C):   src/tests/fixtures/bash_cursor_linewrap                                                                       
05 (C):   example/themes/tokyo-night.yaml                                                                               
06 (C):   example/default.yaml                                                                                          
07 (C):   example/alt-centered-config.yaml                                                                              
08 (C):   example/tmux-overview.yaml                                                                                    
09 (C):   example/layouts/run_htop_layout_with_plugins.yaml                                                             
10 (C):   example/layouts/multiple_tabs_layout_htop_command.yaml                                                        
11 (C):   example/layouts/multiple_tabs_layout.yaml                                                                     
12 (C):   example/layouts/run_htop_layout.yaml                                                                          
13 (C):   example/config.yaml                                                                                           
14 (C):   example/tmux.nonfunctional                                                                                    
15 (C):   example/screen.nonfunctional                                                                                  
16 (C):   example/screen-overview.yaml                                                                                  
17 (C):   example/README.md                                                                                             
18 (C):   docs/MANPAGE.md                                                                                               
19 (C):   docs/ARCHITECTURE.md                                                                                          
20 (C):   docs/TERMINOLOGY.md                                                                                           
21 (C):   default-plugins/tab-bar/Cargo.toml                                                                            
22 (C):   default-plugins/tab-bar/src/tab.rs                                                                            
23 (C):   default-plugins/tab-bar/src/main.rs                                                                           
24 (C):   default-plugins/tab-bar/src/line.rs                                                                           
25 (C):   default-plugins/tab-bar/LICENSE.md                                                                            
26 (C):   default-plugins/strider/Cargo.toml                                                                            
27 (C):   default-plugins/strider/src/state.rs                                                                          
28 (C):   default-plugins/strider/src/main.rs                                                                           
29 (C):   default-plugins/strider/LICENSE.md                                                                            
30 (C):   default-plugins/status-bar/Cargo.toml                                                                         
31 (C):   default-plugins/status-bar/src/second_line.rs                                                                 
32 (C):   default-plugins/status-bar/src/first_line.rs                                                                  
33 (C):   default-plugins/status-bar/src/main.rs                                                                        
34 (C):   default-plugins/status-bar/src/tip/utils.rs                                                                   
35 (C):   default-plugins/status-bar/src/tip/mod.rs                                                                     
36 (C):   default-plugins/status-bar/src/tip/data.rs                                                                    
37 (C):   default-plugins/status-bar/src/tip/consts.rs                                                                  
38 (C):   default-plugins/status-bar/src/tip/cache.rs                                                                   
39 (C):   default-plugins/status-bar/LICENSE.md                                                                         
40 (C):   assets/multiplayer-sessions.gif                                                                               
41 (C):   assets/zellij.desktop                                                                                         
42 (C):   assets/demo.gif                                                                                               
43 (C):   assets/plugins/status-bar.wasm                                                                                
44 (C):   assets/plugins/tab-bar.wasm                                                                                   
45 (C):   assets/plugins/strider.wasm                                                                                   
46 (C):   assets/logo.png                                                                                               
47 (C):   LICENSE.md                                                                                                    
48 (C): > CODE_OF_CONDUCT.md                                                                                            
49 (C):   12363/12363                                                                                                   
50 (C): >                                                                                                               

