---
source: src/tests/integration/resize_down.rs
expression: snapshot
---
line19-aaaaaaaaaaaaaaaaaaaaaaaaaaaaaaaaaaaaaaaaaaaaaaaaaaaaaaaaaaaaaaaaaaaaaaaaaaaaaaaaaaaaaaaaaaaaaaaaaaaaaaaaaaaaaaaaaa
prompt $                                                                                                                 
─────────────────────────────────────────────────────────────────────────────────────────────────────────────────────────
█                                                                                                                        
                                                                                                                         
