---
source: src/tests/integration/compatibility.rs
expression: snapshot
---
➜  mosaic git:(mosaic#130) emacs -nw                                                                                                                                                                                                                                                        
➜  mosaic git:(mosaic#130) exit                                                                                                                                                                                                                                                             
                                                                                                                                                                                                                                                                                            
                                                                                                                                                                                                                                                                                            
                                                                                                                                                                                                                                                                                            
                                                                                                                                                                                                                                                                                            
                                                                                                                                                                                                                                                                                            
                                                                                                                                                                                                                                                                                            
                                                                                                                                                                                                                                                                                            
                                                                                                                                                                                                                                                                                            
                                                                                                                                                                                                                                                                                            
                                                                                                                                                                                                                                                                                            
                                                                                                                                                                                                                                                                                            
                                                                                                                                                                                                                                                                                            
                                                                                                                                                                                                                                                                                            
                                                                                                                                                                                                                                                                                            
                                                                                                                                                                                                                                                                                            
                                                                                                                                                                                                                                                                                            
                                                                                                                                                                                                                                                                                            
                                                                                                                                                                                                                                                                                            
                                                                                                                                                                                                                                                                                            
                                                                                                                                                                                                                                                                                            
                                                                                                                                                                                                                                                                                            
                                                                                                                                                                                                                                                                                            
                                                                                                                                                                                                                                                                                            
                                                                                                                                                                                                                                                                                            
                                                                                                                                                                                                                                                                                            
                                                                                                                                                                                                                                                                                            
                                                                                                                                                                                                                                                                                            
                                                                                                                                                                                                                                                                                            
                                                                                                                                                                                                                                                                                            
                                                                                                                                                                                                                                                                                            
                                                                                                                                                                                                                                                                                            
                                                                                                                                                                                                                                                                                            
                                                                                                                                                                                                                                                                                            
                                                                                                                                                                                                                                                                                            
                                                                                                                                                                                                                                                                                            
                                                                                                                                                                                                                                                                                            
                                                                                                                                                                                                                                                                                            
                                                                                                                                                                                                                                                                                            
                                                                                                                                                                                                                                                                                            
                                                                                                                                                                                                                                                                                            
                                                                                                                                                                                                                                                                                            
                                                                                                                                                                                                                                                                                            
                                                                                                                                                                                                                                                                                            
                                                                                                                                                                                                                                                                                            
                                                                                                                                                                                                                                                                                            
                                                                                                                                                                                                                                                                                            
                                                                                                                                                                                                                                                                                            
                                                                                                                                                                                                                                                                                            
                                                                                                                                                                                                                                                                                            
                                                                                                                                                                                                                                                                                            
                                                                                                                                                                                                                                                                                            
                                                                                                                                                                                                                                                                                            
                                                                                                                                                                                                                                                                                            
                                                                                                                                                                                                                                                                                            
                                                                                                                                                                                                                                                                                            
                                                                                                                                                                                                                                                                                            
                                                                                                                                                                                                                                                                                            
Bye from Mosaic!█                                                                                                                                                                                                                                                                           
