---
source: src/tests/integration.rs
expression: snapshot
---
                                                                                                                         
                                                            │                                                            
                                                            │                                                            
                                                            │                                                            
                                                            │                                                            
                                                            │                                                            
                                                            │                                                            
                                                            │                                                            
                                                            │                                                            
                                                            │                                                            
                                                            │                                                            
                                                            │                                                            
                                                            │                                                            
                                                            │                                                            
                                                            │                                                            
Welcome to fish, the friendly interactive shell             │                                                            
                                                            │                                                            
                                                            │                                                            
⋊> ~/c/mosaic on main ⨯                                     │                                                            
                                                            │                                                            
