---
source: zellij-server/src/tab/./unit/tab_integration_tests.rs
expression: snapshot

---
00 (C): ┌ Pane #1 ──────────────────────────────────────────────────────────────────────────────────────────────────────────────┐
01 (C): │                                                                                                                       │
02 (C): │ ┌ Pane #3 ─────────────── SCROLL:  0/1 ┐                                     ┌ Pane #4 ─────────────── SCROLL:  0/1 ┐ │
03 (C): │ │EEEEEEEEEEEEEEEEEEEEEEEEEEEEEEEEEEEEEE│                                     │EEEEEEEEEEEEEEEEEEEEEEEEEEEEEEEEEEEEEE│ │
04 (C): │ │EEEEEEEEEEEEEEEEEEEEEEEEEEEEEEEEEEEEEE│                                     │EEEEEEEEEEEEEEEEEEEEEEEEEEEEEEEEEEEEEE│ │
05 (C): │ │EEEEEEEEEEEEEEEEEEEEEEEEEEE┌ Pane #2 ───────────────────────────────────────│EEEEEEEEEEEEEEEEEEEEEEEEEEEEEEEEEEEEEE│ │
06 (C): │ │EEEEEEEEEEEEEEEEEEEEEEEEEEE│                                                │EEEEEEEEEEEEEEEEEEEEEEEEEEEEEEEEEEEEEE│ │
07 (C): │ └───────────────────────────│                                                └──────────────────────────────────────┘ │
08 (C): │                             │                                                          │                              │
09 (C): │                             │                   I am scratch terminal                  │                              │
10 (C): │                             │                                                          │                              │
11 (C): │                             │                                                          │                              │
12 (C): │ ┌ Pane #5 ─────────────── SC│                                                          │────────────── SCROLL:  0/1 ┐ │
13 (C): │ │EEEEEEEEEEEEEEEEEEEEEEEEEEE│                                                          │EEEEEEEEEEEEEEEEEEEEEEEEEEEE│ │
14 (C): │ │EEEEEEEEEEEEEEEEEEEEEEEEEEE└──────────────────────────────────────────────────────────┘EEEEEEEEEEEEEEEEEEEEEEEEEEEE│ │
15 (C): │ │EEEEEEEEEEEEEEEEEEEEEEEEEEEEEEEEEEEEEE│                                     │EEEEEEEEEEEEEEEEEEEEEEEEEEEEEEEEEEEEEE│ │
16 (C): │ │EEEEEEEEEEEEEEEEEEEEEEEEEEEEEEEEEEEEEE│                                     │EEEEEEEEEEEEEEEEEEEEEEEEEEEEEEEEEEEEEE│ │
17 (C): │ └──────────────────────────────────────┘                                     └──────────────────────────────────────┘ │
18 (C): │                                                                                                                       │
19 (C): └───────────────────────────────────────────────────────────────────────────────────────────────────────────────────────┘

