---
source: zellij-server/src/tab/./unit/tab_integration_tests.rs
expression: snapshot
---
00 (C): ┌ Pane #1 ──────────────────────────────────────────────────────────────────────────────────────────────── SCROLL:  0/1 ┐
01 (C): │EEEEEEEEEEEEEEEEEEEEEEEEEEEEEEEEEEEEEEEEEEEEEEEEEEEEEEEEEEEEEEEEEEEEEEEEEEEEEEEEEEEEEEEEEEEEEEEEEEEEEEEEEEEEEEEEEEEEEEE│
02 (C): │EEEEEEEEEEEEEEEEEEEEEEEEEEEEEEEEEEEEEEEEEEEEEEEEEEEEEEEEEEEEEEEEEEEEEEEEEEEEEEEEEEEEEEEEEEEEEEEEEEEEEEEEEEEEEEEEEEEEEEE│
03 (C): │EEEEEEEEEEEEEEEEEEEEEEEEEEEEEEEEEEEEEEEEEEEEEEEEEEEEEEEEEEEEEEEEEEEEEEEEEEEEEEEEEEEEEEEEEEEEEEEEEEEEEEEEEEEEEEEEEEEEEEE│
04 (C): │EEEEEEEEEEEEEEEEEEEEEEEEEEEEEEEEEEEEEEEEEEEEEEEEEEEEEEEEEEEEEEEEEEEEEEEEEEEEEEEEEEEEEEEEEEEEEEEEEEEEEEEEEEEEEEEEEEEEEEE│
05 (C): │EEEEEEEEEEEEEEEEEEEEEEEEEEEEE┌ Pane #2 ──────────────────────────────────────── PIN [ ] ┐EEEEEEEEEEEEEEEEEEEEEEEEEEEEEE│
06 (C): │EEEEEEEEEEEEEEEEEEEEEEEEEEEEE│                                                          │EEEEEEEEEEEEEEEEEEEEEEEEEEEEEE│
07 (C): │EEEEEEEEEEEEEEEEEEEEEEEEEEEEE│                                                          │EEEEEEEEEEEEEEEEEEEEEEEEEEEEEE│
08 (C): │EEEEEEEEEEEEEEEEEEEEEEEEEEEEE│                                                          │EEEEEEEEEEEEEEEEEEEEEEEEEEEEEE│
09 (C): │EEEEEEEEEEEEEEEEEEEEEEEEEEEEE│                   I am a floating pane                   │EEEEEEEEEEEEEEEEEEEEEEEEEEEEEE│
10 (C): │EEEEEEEEEEEEEEEEEEEEEEEEEEEEE│                                                          │EEEEEEEEEEEEEEEEEEEEEEEEEEEEEE│
11 (C): │EEEEEEEEEEEEEEEEEEEEEEEEEEEEE│                                                          │EEEEEEEEEEEEEEEEEEEEEEEEEEEEEE│
12 (C): │EEEEEEEEEEEEEEEEEEEEEEEEEEEEE│                                                          │EEEEEEEEEEEEEEEEEEEEEEEEEEEEEE│
13 (C): │EEEEEEEEEEEEEEEEEEEEEEEEEEEEE│                                                          │EEEEEEEEEEEEEEEEEEEEEEEEEEEEEE│
14 (C): │EEEEEEEEEEEEEEEEEEEEEEEEEEEEE└──────────────────────────────────────────────────────────┘EEEEEEEEEEEEEEEEEEEEEEEEEEEEEE│
15 (C): │EEEEEEEEEEEEEEEEEEEEEEEEEEEEEEEEEEEEEEEEEEEEEEEEEEEEEEEEEEEEEEEEEEEEEEEEEEEEEEEEEEEEEEEEEEEEEEEEEEEEEEEEEEEEEEEEEEEEEEE│
16 (C): │EEEEEEEEEEEEEEEEEEEEEEEEEEEEEEEEEEEEEEEEEEEEEEEEEEEEEEEEEEEEEEEEEEEEEEEEEEEEEEEEEEEEEEEEEEEEEEEEEEEEEEEEEEEEEEEEEEEEEEE│
17 (C): │EEEEEEEEEEEEEEEEEEEEEEEEEEEEEEEEEEEEEEEEEEEEEEEEEEEEEEEEEEEEEEEEEEEEEEEEEEEEEEEEEEEEEEEEEEEEEEEEEEEEEEEEEEEEEEEEEEEEEEE│
18 (C): │EEEEEEEEEEEEEEEEEEEEEEEEEEEEEEEEEEEEEEEEEEEEEEEEEEEEEEEEEEEEEEEEEEEEEEEEEEEEEEEEEEEEEEEEEEEEEEEEEEEEEEEEEEEEEEEEEEEEEEE│
19 (C): └───────────────────────────────────────────────────────────────────────────────────────────────────────────────────────┘

