---
source: zellij-server/src/tab/./unit/tab_integration_tests.rs
assertion_line: 6564
expression: snapshot
---
00 (C): I am a                                                                                                                   
01 (C): status bar                                                                                                               
02 (C): ┌ command2 ─────────────────────────────────────────────────────────────────────────────────────────────────────────────┐
03 (C): │                                                                                                                       │
04 (C): │                                              Waiting to run: command2                                                 │
05 (C): │                                                                                                                       │
06 (C): │                                   <ENTER> run, <ESC> drop to shell, <Ctrl-c> exit                                     │
07 (C): └───────────────────────────────────────────────────────────────────────────────────────────────────────────────────────┘
08 (C): ┌ command1 ─────────────────────────────────────────────────────────────────────────────────────────────────────────────┐
09 (C): │                                                                                                                       │
10 (C): │                                              Waiting to run: command1                                                 │
11 (C): │                                                                                                                       │
12 (C): │                                   <ENTER> run, <ESC> drop to shell, <Ctrl-c> exit                                     │
13 (C): └─ <ENTER> run, <ESC> drop to shell, <Ctrl-c> exit ─────────────────────────────────────────────────────────────────────┘
14 (C): ┌ Pane #2 ──────────────────────────────────────────────────────────────────────────────────────────────────────────────┐
15 (C): │                                                                                                                       │
16 (C): │                                                                                                                       │
17 (C): │                                                                                                                       │
18 (C): └───────────────────────────────────────────────────────────────────────────────────────────────────────────────────────┘
19 (C): I am a tab bar                                                                                                           

