---
source: zellij-server/src/tab/./unit/tab_integration_tests.rs
assertion_line: 2144
expression: snapshot
---
00 (C): ┌ Pane #1 ────────────────────┌ ┌ ┌ Pane #4 ───────────────────────── SCROLL:  0/1 | PIN [ ] ┐─────┐                     
01 (C): │                             │ │E│EEEEEEEEEEEEEEEEEEEEEEEEEEEEEEEEEEEEEEEEEEEEEEEEEEEEEEEEEE│     │                     
02 (C): │ ┌ Pane #5 ───── SCROLL:  0/1 | PIN [ ] ┐EEEEEEEEEEEEEEEEEEEEEEEEEEEEEEEEEEEEEEEEEEEEEEEEEEE│     │                     
03 (C): │ │EEEEEEEEEEEEEEEEEEEEEEEEEEEEEEEEEEEEEE│EEEEEEEEEEEEEEEEEEEEEEEEEEEEEEEEEEEEEEEEEEEEEEEEEEE│     │                     
04 (C): │ │E┌ Pane #6 ───── SCROLL:  0/1 | PIN [ ] ┐EEEEEEEEEEEEEEEEEEEEEEEEEEEEEEEEEEEEEEEEEEEEEEEEE│     │                     
05 (C): │ │E│EEEEEEEEEEEEEEEEEEEEEEEEEEEEEEEEEEEEEE│EEEEEEEEEEEEEEEEEEEEEEEEEEEEEEEEEEEEEEEEEEEEEEEEE│     │                     
06 (C): │ │E│EEEEEEEEEEEEEEEEEEEEEEEEEEEEEEEEEEEEEE│EEEEEEEEEEEEEEEEEEEEEEEEEEEEEEEEEEEEEEEEEEEEEEEEE│     │                     
07 (C): │ └─│EEEEEEEEEEEEEEEEEEEEEEEEEEEEEEEEEEEEEE│EEEEEEEEEEEEEEEEEEEEEEEEEEEEEEEEEEEEEEEEEEEEEEEEE│     │                     
08 (C): │   │EEEEEEEEEEEEEEEEEEEEEEEEEEEEEEEEEEEEEE│EEEEEEEEEEEEEEEEEEEEEEEEEEEEEEEEEEEEEEEEEEEEEEEEE│     │                     
09 (C): └───└──────────────────────────────────────┘─────────────────────────────────────────────────┘─────┘                     
10 (C):                                                                                                                          
11 (C):                                                                                                                          
12 (C):                                                                                                                          
13 (C):                                                                                                                          
14 (C):                                                                                                                          
15 (C):                                                                                                                          
16 (C):                                                                                                                          
17 (C):                                                                                                                          
18 (C):                                                                                                                          
19 (C):                                                                                                                          

