---
source: zellij-utils/src/setup.rs
assertion_line: 798
expression: "format!(\"{:#?}\", config)"
---
Config {
    keybinds: {
        Normal: {
            Char(
                'b',
            ): [
                SwitchToMode(
                    Session,
                ),
            ],
            Ctrl(
                'b',
            ): [
                SwitchToMode(
                    Resize,
                ),
            ],
            Ctrl(
                'c',
            ): [
                SwitchToMode(
                    Resize,
                ),
            ],
        },
        Resize: {
            Char(
                'b',
            ): [
                SwitchToMode(
                    Locked,
                ),
            ],
            Ctrl(
                'c',
            ): [
                SwitchToMode(
                    Resize,
                ),
            ],
        },
        Scroll: {
            Char(
                'b',
            ): [
                SwitchToMode(
                    Locked,
                ),
            ],
            Ctrl(
                'c',
            ): [
                SwitchToMode(
                    Resize,
                ),
            ],
        },
    },
    options: Options {
        simplified_ui: None,
        theme: None,
        default_mode: None,
        default_shell: None,
        default_cwd: None,
        default_layout: None,
        layout_dir: None,
        theme_dir: None,
        mouse_mode: None,
        pane_frames: None,
        mirror_session: None,
        on_force_close: None,
        scroll_buffer_size: None,
        copy_command: None,
        copy_clipboard: None,
        copy_on_select: None,
        scrollback_editor: None,
        session_name: None,
        attach_to_session: None,
        auto_layout: None,
        session_serialization: None,
        serialize_pane_viewport: None,
        scrollback_lines_to_serialize: None,
        styled_underlines: None,
        serialization_interval: None,
        disable_session_metadata: None,
    },
    themes: {},
    plugins: PluginAliases {
        aliases: {
            "compact-bar": RunPlugin {
                _allow_exec_host_cmd: false,
                location: Zellij(
                    PluginTag(
                        "compact-bar",
                    ),
                ),
                configuration: PluginUserConfiguration(
                    {},
                ),
                initial_cwd: None,
            },
            "filepicker": RunPlugin {
                _allow_exec_host_cmd: false,
                location: Zellij(
                    PluginTag(
                        "strider",
                    ),
                ),
                configuration: PluginUserConfiguration(
                    {},
                ),
                initial_cwd: Some(
                    "/",
                ),
            },
            "session-manager": RunPlugin {
                _allow_exec_host_cmd: false,
                location: Zellij(
                    PluginTag(
                        "session-manager",
                    ),
                ),
                configuration: PluginUserConfiguration(
                    {},
                ),
                initial_cwd: None,
            },
            "status-bar": RunPlugin {
                _allow_exec_host_cmd: false,
                location: Zellij(
                    PluginTag(
                        "status-bar",
                    ),
                ),
                configuration: PluginUserConfiguration(
                    {},
                ),
                initial_cwd: None,
            },
            "strider": RunPlugin {
                _allow_exec_host_cmd: false,
                location: Zellij(
                    PluginTag(
                        "strider",
                    ),
                ),
                configuration: PluginUserConfiguration(
                    {},
                ),
                initial_cwd: None,
            },
            "tab-bar": RunPlugin {
                _allow_exec_host_cmd: false,
                location: Zellij(
                    PluginTag(
                        "tab-bar",
                    ),
                ),
                configuration: PluginUserConfiguration(
                    {},
                ),
                initial_cwd: None,
            },
            "welcome-screen": RunPlugin {
                _allow_exec_host_cmd: false,
                location: Zellij(
                    PluginTag(
                        "session-manager",
                    ),
                ),
                configuration: PluginUserConfiguration(
                    {
                        "welcome_screen": "true",
                    },
                ),
                initial_cwd: None,
            },
        },
    },
    ui: UiConfig {
        pane_frames: FrameConfig {
            rounded_corners: false,
            hide_session_name: false,
        },
    },
    env: {},
}
