---
source: zellij-server/src/plugins/./unit/plugin_tests.rs
assertion_line: 742
expression: "format!(\"{:#?}\", new_tab_event)"
---
Some(
    Resize(
        1,
        ResizeStrategy {
            resize: Increase,
            direction: None,
            invert_on_boundaries: true,
        },
    ),
)
