---
source: zellij-server/src/plugins/./unit/plugin_tests.rs
assertion_line: 8192
expression: "format!(\"{:#?}\", screen_instruction)"
---
Some(
    BreakPanesToNewTab(
        [
            Terminal(
                1,
            ),
            Plugin(
                2,
            ),
        ],
        Some(
            RunCommand(
                RunCommand {
                    command: ".",
                    args: [],
                    cwd: None,
                    hold_on_close: false,
                    hold_on_start: false,
                    originating_plugin: None,
                },
            ),
        ),
        1,
    ),
)
