---
source: zellij-server/src/plugins/./unit/plugin_tests.rs
expression: "format!(\"{:#?}\", screen_instruction)"
---
Some(
    BreakPanesToTabWithIndex {
        pane_ids: [
            Terminal(
                1,
            ),
            Plugin(
                2,
            ),
        ],
        tab_index: 2,
        should_change_focus_to_new_tab: true,
        client_id: 1,
        completion_tx: Some(
            NotificationEnd {
                channel: None,
                exit_status: None,
                unblock_condition: None,
                affected_pane_id: None,
                affected_tab_id: None,
            },
        ),
    },
)
