---
source: zellij-server/src/plugins/./unit/plugin_tests.rs
expression: "format!(\"{:#?}\", new_tab_event)"
---
Some(
    NewTab(
        Some(
            "/path/to/my/cwd",
        ),
        None,
        None,
        [],
        Some(
            "new_tab_name",
        ),
        (
            [],
            [],
        ),
        None,
        false,
        true,
        (
            1,
            false,
        ),
        Some(
            NotificationEnd {
                channel: None,
                exit_status: None,
                unblock_condition: None,
                affected_pane_id: None,
            },
        ),
    ),
)
