---
source: zellij-server/src/plugins/./unit/plugin_tests.rs
assertion_line: 1373
expression: "format!(\"{:#?}\", new_tab_event)"
---
Some(
    NewTab(
        None,
        None,
        None,
        [],
        None,
        (
            [],
            [],
        ),
        true,
        1,
    ),
)
