---
source: zellij-server/src/plugins/./unit/plugin_tests.rs
expression: "format!(\"{:#?}\", screen_instruction)"
---
Some(
    BreakPanesToNewTab {
        pane_ids: [
            Terminal(
                1,
            ),
            Plugin(
                2,
            ),
        ],
        default_shell: Some(
            RunCommand(
                RunCommand {
                    command: ".",
                    args: [],
                    cwd: None,
                    hold_on_close: false,
                    hold_on_start: false,
                    originating_plugin: None,
                    use_terminal_title: true,
                },
            ),
        ),
        should_change_focus_to_new_tab: true,
        new_tab_name: Some(
            "new_tab_name",
        ),
        client_id: 1,
    },
)
